 SerialClone

 Timestamp is 4346b3cf (Fri Oct 07 13:43:43 2005)

 Preferred load address is 00010000

 Start         Length     Name                   Class
 0001:00000000 000000acH .idata$5                CODE
 0001:000000b0 000004a4H .rdata                  CODE
 0001:00000554 0000004fH .rdata$debug            CODE
 0001:000005b0 00006466H .text                   CODE
 0002:00000000 00000064H .data                   DATA
 0002:00000080 00004044H .bss                    DATA
 0003:00000000 00000028H .idata$2                CODE
 0003:00000028 00000014H .idata$3                CODE
 0003:0000003c 000000acH .idata$4                CODE
 0003:000000e8 0000038cH .idata$6                CODE
 0004:00000000 00000058H .rsrc$01                DATA
 0004:00000060 000002d0H .rsrc$02                DATA

  Address         Publics by Value              Rva+Base     Lib:Object

 0001:00000000       __imp_@KfReleaseSpinLock@8 00010300     hal:HAL.dll
 0001:00000004       __imp__KeGetCurrentIrql@0  00010304     hal:HAL.dll
 0001:00000008       __imp_@KfAcquireSpinLock@4 00010308     hal:HAL.dll
 0001:0000000c       \177HAL_NULL_THUNK_DATA    0001030c     hal:HAL.dll
 0001:00000010       __imp__wcslen              00010310     ntoskrnl:ntoskrnl.exe
 0001:00000014       __imp_@IofCompleteRequest@8 00010314     ntoskrnl:ntoskrnl.exe
 0001:00000018       __imp__PoStartNextPowerIrp@4 00010318     ntoskrnl:ntoskrnl.exe
 0001:0000001c       __imp_@IofCallDriver@8     0001031c     ntoskrnl:ntoskrnl.exe
 0001:00000020       __imp_@InterlockedExchange@8 00010320     ntoskrnl:ntoskrnl.exe
 0001:00000024       __imp__DbgPrint            00010324     ntoskrnl:ntoskrnl.exe
 0001:00000028       __imp_@InterlockedCompareExchange@12 00010328     ntoskrnl:ntoskrnl.exe
 0001:0000002c       __imp__IoDeleteDevice@4    0001032c     ntoskrnl:ntoskrnl.exe
 0001:00000030       __imp__IoDetachDevice@4    00010330     ntoskrnl:ntoskrnl.exe
 0001:00000034       __imp__PoCallDriver@8      00010334     ntoskrnl:ntoskrnl.exe
 0001:00000038       __imp__memcpy              00010338     ntoskrnl:ntoskrnl.exe
 0001:0000003c       __imp__memset              0001033c     ntoskrnl:ntoskrnl.exe
 0001:00000040       __imp__RtlCopyUnicodeString@8 00010340     ntoskrnl:ntoskrnl.exe
 0001:00000044       __imp__RtlAppendUnicodeStringToString@8 00010344     ntoskrnl:ntoskrnl.exe
 0001:00000048       __imp__RtlIntegerToUnicodeString@12 00010348     ntoskrnl:ntoskrnl.exe
 0001:0000004c       __imp__RtlAppendUnicodeToString@8 0001034c     ntoskrnl:ntoskrnl.exe
 0001:00000050       __imp__ExDeleteNPagedLookasideList@4 00010350     ntoskrnl:ntoskrnl.exe
 0001:00000054       __imp__ExAllocatePoolWithTag@12 00010354     ntoskrnl:ntoskrnl.exe
 0001:00000058       __imp__ExInitializeNPagedLookasideList@28 00010358     ntoskrnl:ntoskrnl.exe
 0001:0000005c       __imp__IoAttachDeviceToDeviceStack@8 0001035c     ntoskrnl:ntoskrnl.exe
 0001:00000060       __imp__KeInitializeEvent@12 00010360     ntoskrnl:ntoskrnl.exe
 0001:00000064       __imp__IoCreateDevice@28   00010364     ntoskrnl:ntoskrnl.exe
 0001:00000068       __imp_@ObfDereferenceObject@4 00010368     ntoskrnl:ntoskrnl.exe
 0001:0000006c       __imp__IoGetAttachedDeviceReference@4 0001036c     ntoskrnl:ntoskrnl.exe
 0001:00000070       __imp__IoIsWdmVersionAvailable@8 00010370     ntoskrnl:ntoskrnl.exe
 0001:00000074       __imp__IoForwardIrpSynchronously@8 00010374     ntoskrnl:ntoskrnl.exe
 0001:00000078       __imp_@InterlockedDecrement@4 00010378     ntoskrnl:ntoskrnl.exe
 0001:0000007c       __imp_@InterlockedIncrement@4 0001037c     ntoskrnl:ntoskrnl.exe
 0001:00000080       __imp_@InterlockedPopEntrySList@4 00010380     ntoskrnl:ntoskrnl.exe
 0001:00000084       __imp__KeSetEvent@12       00010384     ntoskrnl:ntoskrnl.exe
 0001:00000088       __imp__KeWaitForSingleObject@20 00010388     ntoskrnl:ntoskrnl.exe
 0001:0000008c       __imp__IoAllocateIrp@8     0001038c     ntoskrnl:ntoskrnl.exe
 0001:00000090       __imp__IoFreeIrp@4         00010390     ntoskrnl:ntoskrnl.exe
 0001:00000094       __imp__RtlAssert@16        00010394     ntoskrnl:ntoskrnl.exe
 0001:00000098       __imp_@ObfReferenceObject@4 00010398     ntoskrnl:ntoskrnl.exe
 0001:0000009c       __imp__KeInitializeSpinLock@4 0001039c     ntoskrnl:ntoskrnl.exe
 0001:000000a0       __imp__ExFreePool@4        000103a0     ntoskrnl:ntoskrnl.exe
 0001:000000a4       __imp__RtlUnicodeToMultiByteN@20 000103a4     ntoskrnl:ntoskrnl.exe
 0001:000000a8       \177ntoskrnl_NULL_THUNK_DATA 000103a8     ntoskrnl:ntoskrnl.exe
 0001:000000d0       ___lookuptable             000103d0     ntstrsafe:output.obj
 0001:0000012c       ??_C@_1O@CEDCILHN@?$AA?$CI?$AAn?$AAu?$AAl?$AAl?$AA?$CJ?$AA?$AA@ 0001042c     ntstrsafe:output.obj
 0001:0000013c       ??_C@_06OJHGLDPL@?$CInull?$CJ?$AA@ 0001043c     ntstrsafe:output.obj
 0001:00000148       __ctype                    00010448     ntstrsafe:ctype.obj
 0001:00000350       __wctype                   00010650     ntstrsafe:ctype.obj
 0001:00000725       _ClonePnpDispatch@8        00010a25 f   clone.obj
 0001:00000c1f       _ClonePowerDispatch@8      00010f1f f   clone.obj
 0001:00000d6f       _CloneSystemControlDispatch@8 0001106f f   clone.obj
 0001:00000e75       _CloneCleanupDispatch@8    00011175 f   clone.obj
 0001:00000fcd       _CloneDeviceIoControlDispatch@8 000112cd f   clone.obj
 0001:00001145       _CloneInternalDeviceIoControlDispatch@8 00011445 f   clone.obj
 0001:000012aa       _SerialCloneDebugPrint     000115aa f   debug.obj
 0001:0000141f       _SerialCloneDumpIrp@4      0001171f f   debug.obj
 0001:00001834       _IrpMajorFunctionString@4  00011b34 f   debug.obj
 0001:00001c3c       _PnPMinorFunctionString@4  00011f3c f   debug.obj
 0001:00001dfa       _PowerMinorFunctionString@4 000120fa f   debug.obj
 0001:00001f17       _SystemPowerStateString@4  00012217 f   debug.obj
 0001:0000201f       _DevicePowerStateString@4  0001231f f   debug.obj
 0001:000021b3       _WMIMinorFunctionString@4  000124b3 f   debug.obj
 0001:0000250a       _FilterPnpDispatch@8       0001280a f   Filter.obj
 0001:00002d20       _FilterPowerDispatch@8     00013020 f   Filter.obj
 0001:00002e60       _FilterSystemControlDispatch@8 00013160 f   Filter.obj
 0001:00002f96       _FilterCleanupDispatch@8   00013296 f   Filter.obj
 0001:000030ee       _FilterDeviceIoControlDispatch@8 000133ee f   Filter.obj
 0001:00003266       _FilterInternalDeviceIoControlDispatch@8 00013566 f   Filter.obj
 0001:000033c1       _DriverEntry@8             000136c1 f   SerialClone.obj
 0001:000037aa       _SerialCloneAddDevice@8    00013aaa f   SerialClone.obj
 0001:00003de0       _InitializeListHead@4      000140e0 f i SerialClone.obj
 0001:00003e78       _SerialCloneUnload@4       00014178 f   SerialClone.obj
 0001:00003f7b       _SerialClonePassThrough@8  0001427b f   SerialClone.obj
 0001:00004050       _SerialClonePnpDispatch@8  00014350 f   SerialClone.obj
 0001:000040a0       _SerialClonePowerDispatch@8 000143a0 f   SerialClone.obj
 0001:000040f0       _SerialCloneSystemControlDispatch@8 000143f0 f   SerialClone.obj
 0001:0000425a       _SerialCloneCreateDispatch@8 0001455a f   SerialClone.obj
 0001:00004531       _SerialCloneCloseDispatch@8 00014831 f   SerialClone.obj
 0001:00004720       _SerialCloneCleanupDispatch@8 00014a20 f   SerialClone.obj
 0001:00004873       _SCReadComplete@12         00014b73 f   SerialClone.obj
 0001:00004b10       _RemoveHeadList@4          00014e10 f i SerialClone.obj
 0001:00004e28       _SerialCloneReadDispatch@8 00015128 f   SerialClone.obj
 0001:00005230       _InsertTailList@8          00015530 f i SerialClone.obj
 0001:00005270       _ExAllocateFromNPagedLookasideList@4 00015570 f i SerialClone.obj
 0001:0000532d       _SerialCloneWriteDispatch@8 0001562d f   SerialClone.obj
 0001:00005410       _SerialCloneDeviceIoControlDispatch@8 00015710 f   SerialClone.obj
 0001:00005460       _SerialCloneInternalDeviceIoControlDispatch@8 00015760 f   SerialClone.obj
 0001:000054b0       _SerialCloneSubmitIrpSyncComplete@12 000157b0 f   SerialClone.obj
 0001:00005554       _SerialCloneSubmitIrpSync@8 00015854 f   SerialClone.obj
 0001:00005670       _SerialCloneAcquireRemoveLock@4 00015970 f   SerialClone.obj
 0001:000056a0       _SerialCloneReleaseRemoveLock@4 000159a0 f   SerialClone.obj
 0001:000056d0       _SerialCloneWaitForSafeRemove@4 000159d0 f   SerialClone.obj
 0001:00005826       _ForwardAndWait@8          00015b26 f   SerialClone.obj
 0001:000059b0       _OnRequestComplete@12      00015cb0 f   SerialClone.obj
 0001:000059d0       _CompleteRequest@12        00015cd0 f   SerialClone.obj
 0001:00005a00       _FailRequest@12            00015d00 f   SerialClone.obj
 0001:00005a20       _SucceedRequest@8          00015d20 f   SerialClone.obj
 0001:00005abf       _RepeatRequest@8           00015dbf f   SerialClone.obj
 0001:00005d10       _SCFifoInit@12             00016010 f   SerialClone.obj
 0001:00005d60       _SCFifoRead@16             00016060 f   SerialClone.obj
 0001:00005e50       _SCFifoWrite@12            00016150 f   SerialClone.obj
 0001:00005f80       _GetPendingSize@4          00016280 f   SerialClone.obj
 0001:00005fe6       _DbgPrint                  000162e6 f   ntoskrnl:ntoskrnl.exe
 0001:00005fec       _memcpy                    000162ec f   ntoskrnl:ntoskrnl.exe
 0001:00005ff2       _memset                    000162f2 f   ntoskrnl:ntoskrnl.exe
 0001:00005ff8       _RtlStringCopyWorkerW@12   000162f8 f   ntstrsafe:ntstrsafe.obj
 0001:0000603a       _RtlStringVPrintfWorkerA@16 0001633a f   ntstrsafe:ntstrsafe.obj
 0001:00006084       _RtlStringCbCopyW@12       00016384 f   ntstrsafe:ntstrsafe.obj
 0001:000060aa       _RtlStringCbVPrintfA@16    000163aa f   ntstrsafe:ntstrsafe.obj
 0001:000060c5       __vsnprintf                000163c5 f   ntstrsafe:vsnprint.obj
 0001:0000611b       __flsbuf                   0001641b f   ntstrsafe:_flsbuf.obj
 0001:000061b5       __output                   000164b5 f   ntstrsafe:output.obj
 0001:0000692f       _wctomb                    00016c2f f   ntstrsafe:wctomb.obj
 0001:00006970       __aulldvrm                 00016c70 f   ntstrsafe:ulldvrm.obj
 0001:00006a05       __fptrap                   00016d05 f   ntstrsafe:crt0fp.obj
 0001:00006a0e       __amsg_exit                00016d0e f   ntstrsafe:stubs.obj
 0001:00006a10       _RtlUnicodeToMultiByteN@20 00016d10 f   ntoskrnl:ntoskrnl.exe
 0002:00000000       _g_DebugLevel              00016d80     debug.obj
 0002:00000004       _g_DebugArea               00016d84     debug.obj
 0002:00000024       ___nullstring              00016da4     ntstrsafe:output.obj
 0002:00000028       ___wnullstring             00016da8     ntstrsafe:output.obj
 0002:0000002c       __cfltcvt_tab              00016dac     ntstrsafe:cmiscdat.obj
 0002:00000044       __pctype                   00016dc4     ntstrsafe:ctype.obj
 0002:00000048       __pwctype                  00016dc8     ntstrsafe:ctype.obj
 0002:00000050       ___mb_cur_max              00016dd0     ntstrsafe:nlsdata1.obj
 0002:00000054       ___decimal_point           00016dd4     ntstrsafe:nlsdata1.obj
 0002:00000058       ___decimal_point_length    00016dd8     ntstrsafe:nlsdata1.obj
 0002:0000005c       __fltused                  00016ddc     ntstrsafe:stubs.obj
 0002:00000060       __ldused                   00016de0     ntstrsafe:stubs.obj
 0002:00000080       _g_DebugBufferBusy         00016e00     debug.obj
 0002:000000a0       ___fastflag                00016e20     ntstrsafe:stubs.obj
 0002:000000b0       _g_Data                    00016e30     <common>
 0002:000000c0       _g_DebugBuffer             00016e40     <common>
 0002:000040c0       _errno                     0001ae40     <common>
 0003:00000000       __IMPORT_DESCRIPTOR_ntoskrnl 0001ae80     ntoskrnl:ntoskrnl.exe
 0003:00000014       __IMPORT_DESCRIPTOR_HAL    0001ae94     hal:HAL.dll
 0003:00000028       __NULL_IMPORT_DESCRIPTOR   0001aea8     ntoskrnl:ntoskrnl.exe

 entry point at        0000:00000000

 Static symbols

 0001:00005c90       _OnRepeaterComplete@12     00015f90 f   SerialClone.obj
 0001:00006127       _write_char                00016427 f   ntstrsafe:output.obj
 0001:0000615a       _write_multi_char          0001645a f   ntstrsafe:output.obj
 0001:0000617e       _write_string              0001647e f   ntstrsafe:output.obj
